// Jest Snapshot v1, https://goo.gl/fbAQLP

exports[`Alert component renders unchanged 1`] = `
<div
  className="mt-2"
  style={
    Object {
      "height": "100px",
      "width": "300px",
    }
  }
>
  <div
    className="alert alert-danger"
    role="alert"
  >
    Unknown error occured. Try again later.
  </div>
</div>
`;
