// Jest Snapshot v1, https://goo.gl/fbAQLP

exports[`CheckoutPreview component renders unchanged 1`] = `
<div
  className="container-fluid"
>
  <div
    className="row"
  >
    <h1
      className="text-light mt-5 mb-4"
    >
      Checkout
    </h1>
  </div>
  <div
    className="d-flex align-items-center border-light row"
  >
    <div
      className="col-8"
    >
      <h2
        className="text-light ellipse"
        style={
          Object {
            "width": "100%",
          }
        }
      >
        Product
      </h2>
    </div>
    <div
      className="col-3"
    >
      <h2
        className="text-light"
      >
        Price
      </h2>
    </div>
    <div
      className="col-1"
    >
      <h2
        className="text-light"
      >
        Qty
      </h2>
    </div>
  </div>
  <div
    className="d-flex align-items-center border-light row"
  >
    <div
      className="col-3"
    >
      <img
        alt="product"
        src="/path_01.png"
        style={
          Object {
            "height": "100px",
            "width": "100px",
          }
        }
      />
    </div>
    <div
      className="col-5"
    >
      <h4
        className="text-light ellipse"
        style={
          Object {
            "margin": "0",
            "width": "100%",
          }
        }
      >
        product
      </h4>
    </div>
    <div
      className="col-3"
    >
      <p
        className="text-light"
        style={
          Object {
            "margin": "0",
          }
        }
      >
        $2.87
      </p>
    </div>
    <div
      className="d-flex align-items-center justify-content-between col-1"
    >
      <p
        className="text-light"
        style={
          Object {
            "margin": "0",
          }
        }
      >
        12
      </p>
      <button
        className="btn btn-outline-light font-weight-bolder ml-4"
        onClick={[Function]}
        style={
          Object {
            "background": "none",
            "border": "none",
            "margin": "0",
            "padding": "0",
          }
        }
        type="button"
      >
        X
      </button>
    </div>
  </div>
</div>
`;
