// Jest Snapshot v1, https://goo.gl/fbAQLP

exports[`index renders unchanged 1`] = `
<div
  className="content"
>
  <nav
    className="navbar navbar-expand-lg navbar-light bg-light sticky-top"
  >
    <a
      className="navbar-brand"
      href="/"
    >
      VisionSpeaks
    </a>
    <button
      aria-controls="basic-navbar-nav"
      aria-label="Toggle navigation"
      className="navbar-toggler collapsed"
      onClick={[Function]}
      type="button"
    >
      <span
        className="navbar-toggler-icon"
      />
    </button>
    <div
      aria-expanded={null}
      className="navbar-collapse collapse"
      id="basic-navbar-nav"
    >
      <div
        className="mr-auto navbar-nav"
        onKeyDown={[Function]}
      >
        <a
          className="nav-link"
          data-rb-event-key={null}
          href="#"
          onClick={[Function]}
          onKeyDown={[Function]}
          role="button"
        />
      </div>
      <div
        className="justify-content-end navbar-nav"
        onKeyDown={[Function]}
      >
        <a
          className="nav-link"
          data-rb-event-key="/checkout"
          href="/checkout"
          onClick={[Function]}
          onKeyDown={[Function]}
        >
          <img
            alt="Checkout"
            src="/cart.png"
            style={
              Object {
                "cursor": "pointer",
                "height": "15px",
              }
            }
          />
        </a>
      </div>
    </div>
  </nav>
  <main>
    <div
      className="container-fluid"
    >
      <div
        className="fluid-container hero_image"
        style={
          Object {
            "backgroundImage": "url(\\"/heatpress.jpeg\\")",
          }
        }
      >
        <div
          className=""
        >
          <h1
            className="font-weight-bold"
          >
            Made To Order
          </h1>
          <p
            className="font-weight-normal"
          >
            The highest quality work comes from custom work.
          </p>
          <button
            className="btn btn-outline-dark"
            onClick={[Function]}
            onMouseEnter={[Function]}
            type="button"
          >
            Start Your Order
          </button>
        </div>
      </div>
    </div>
    <div
      className="container"
    >
      <div
        className="mt-5 mb-3 row"
      >
        <h2
          className="text-light"
        >
          New Arrivials
        </h2>
      </div>
      <div
        className="mb-5 center_on_sm row"
      >
        <div
          className="col-lg-4 col-md-4 col-sm-8 offset-lg-0 offset-md-0 offset-sm-2"
        >
          <div
            className="my-5"
            onClick={[Function]}
            onMouseEnter={[Function]}
          >
            <div
              style={
                Object {
                  "cursor": "pointer",
                }
              }
            >
              <img
                alt="Bunns In The Void"
                src="/bunns_in_the_void_TRANSP.png"
                style={
                  Object {
                    "height": "300px",
                    "width": "300px",
                  }
                }
              />
              <h5
                className="text-light mt-3 mb-1"
              >
                Bunns In The Void
              </h5>
              <h6
                className="text-muted"
              >
                $
                2.87
                 
                USD
              </h6>
            </div>
          </div>
        </div>
        <div
          className="col-lg-4 col-md-4 col-sm-8 offset-lg-0 offset-md-0 offset-sm-2"
        >
          <div
            className="my-5"
            onClick={[Function]}
            onMouseEnter={[Function]}
          >
            <div
              style={
                Object {
                  "cursor": "pointer",
                }
              }
            >
              <img
                alt="Lady In The Void"
                src="/lady_in_the_void_TRANSP.png"
                style={
                  Object {
                    "height": "300px",
                    "width": "300px",
                  }
                }
              />
              <h5
                className="text-light mt-3 mb-1"
              >
                Lady In The Void
              </h5>
              <h6
                className="text-muted"
              >
                $
                2.87
                 
                USD
              </h6>
            </div>
          </div>
        </div>
      </div>
    </div>
  </main>
  <footer>
    <div
      className="my-5 container-fluid"
    >
      <div
        className="row"
      >
        <div
          className="d-flex justify-content-center col"
        >
          <span
            className="text-light m-2"
            onClick={[Function]}
            onMouseEnter={[Function]}
            style={
              Object {
                "cursor": "pointer",
              }
            }
          >
            Contact
          </span>
        </div>
      </div>
      <div
        className="row"
      >
        <div
          className="d-flex justify-content-center col"
        >
          <span
            className="text-light m-2"
            style={
              Object {
                "fontSize": "12px",
              }
            }
          >
            2020
          </span>
        </div>
      </div>
    </div>
  </footer>
</div>
`;
