// Jest Snapshot v1, https://goo.gl/fbAQLP

exports[`index renders unchanged 1`] = `
<div
  className="content"
>
  <nav
    className="navbar navbar-expand-lg navbar-light bg-light sticky-top"
  >
    <a
      className="navbar-brand"
      href="/"
    >
      VisionSpeaks
    </a>
    <button
      aria-controls="basic-navbar-nav"
      aria-label="Toggle navigation"
      className="navbar-toggler collapsed"
      onClick={[Function]}
      type="button"
    >
      <span
        className="navbar-toggler-icon"
      />
    </button>
    <div
      aria-expanded={null}
      className="navbar-collapse collapse"
      id="basic-navbar-nav"
    >
      <div
        className="mr-auto navbar-nav"
        onKeyDown={[Function]}
      >
        <a
          className="nav-link"
          data-rb-event-key="/checkout"
          href="/checkout"
          onClick={[Function]}
          onKeyDown={[Function]}
        >
          Cart
        </a>
      </div>
    </div>
  </nav>
  <main>
    <div>
      <div
        className="fluid-container hero_image"
        style={
          Object {
            "backgroundImage": "url(\\"/heatpress.jpeg\\")",
          }
        }
      >
        <div
          className=""
        >
          <h1
            className="font-weight-bold"
          >
            Made To Order
          </h1>
          <p
            className="font-weight-normal"
          >
            The highest quality work comes from custom work.
          </p>
          <button
            className="btn btn-outline-dark"
            onClick={[Function]}
            onMouseEnter={[Function]}
            type="button"
          >
            Start Your Order
          </button>
        </div>
      </div>
      <div
        className="container"
      >
        <div
          className="d-flex products_wrapper"
        >
          <section
            className="product_card_v m-1"
          >
            <div
              className="product_image"
              onClick={[Function]}
              onMouseEnter={[Function]}
              style={
                Object {
                  "backgroundImage": "url(\\"/bunns_in_the_void_TRANSP.png\\")",
                }
              }
            >
              <h2
                className="text-light font-weight-bold"
              >
                Bunns In The Void
              </h2>
            </div>
          </section>
          <section
            className="product_card_v m-1"
          >
            <div
              className="product_image"
              onClick={[Function]}
              onMouseEnter={[Function]}
              style={
                Object {
                  "backgroundImage": "url(\\"/lady_in_the_void_TRANSP.png\\")",
                }
              }
            >
              <h2
                className="text-light font-weight-bold"
              >
                Lady In The Void
              </h2>
            </div>
          </section>
        </div>
      </div>
    </div>
  </main>
  <footer>
    <div
      className="my-5 container-fluid"
    >
      <div
        className="row"
      >
        <div
          className="d-flex justify-content-center col"
        >
          <span
            className="text-light m-2"
            onClick={[Function]}
            onMouseEnter={[Function]}
            style={
              Object {
                "cursor": "pointer",
              }
            }
          >
            Contact
          </span>
        </div>
      </div>
      <div
        className="row"
      >
        <div
          className="d-flex justify-content-center col"
        >
          <span
            className="text-light m-2"
            style={
              Object {
                "fontSize": "12px",
              }
            }
          >
            2020
          </span>
        </div>
      </div>
    </div>
  </footer>
</div>
`;
