// Jest Snapshot v1, https://goo.gl/fbAQLP

exports[`PageWrapper renders unchanged 1`] = `
<div
  className="content"
>
  <nav
    className="navbar navbar-expand-lg navbar-light bg-light sticky-top"
  >
    <a
      className="navbar-brand"
      href="/"
    >
      VisionSpeaks
    </a>
    <button
      aria-controls="basic-navbar-nav"
      aria-label="Toggle navigation"
      className="navbar-toggler collapsed"
      onClick={[Function]}
      type="button"
    >
      <span
        className="navbar-toggler-icon"
      />
    </button>
    <div
      aria-expanded={null}
      className="navbar-collapse collapse"
      id="basic-navbar-nav"
    >
      <div
        className="mr-auto navbar-nav"
        onKeyDown={[Function]}
      >
        <a
          className="nav-link"
          data-rb-event-key={null}
          href="#"
          onClick={[Function]}
          onKeyDown={[Function]}
          role="button"
        />
      </div>
    </div>
  </nav>
  <main>
    <p>
      Hello World
    </p>
  </main>
  <footer>
    <div
      className="my-5 container-fluid"
    >
      <div
        className="row"
      >
        <div
          className="d-flex justify-content-center col"
        >
          <span
            className="text-light m-2"
            onClick={[Function]}
            onMouseEnter={[Function]}
            style={
              Object {
                "cursor": "pointer",
              }
            }
          >
            Contact
          </span>
        </div>
      </div>
      <div
        className="row"
      >
        <div
          className="d-flex justify-content-center col"
        >
          <span
            className="text-light m-2"
            style={
              Object {
                "fontSize": "12px",
              }
            }
          >
            2020
          </span>
        </div>
      </div>
    </div>
  </footer>
</div>
`;
