// Jest Snapshot v1, https://goo.gl/fbAQLP

exports[`PageWrapper renders unchanged 1`] = `
<div
  className="content"
>
  <nav
    className="justify-content-between navbar navbar-expand-lg navbar-light bg-light sticky-top"
  >
    <a
      className="navbar-brand"
      href="/"
    >
      VisionSpeaks
    </a>
    <div
      className="navbar-nav"
      onKeyDown={[Function]}
    >
      <a
        className="nav-link"
        data-rb-event-key="/checkout"
        href="/checkout"
        onClick={[Function]}
        onKeyDown={[Function]}
      >
        <img
          alt="Checkout"
          src="/cart.png"
          style={
            Object {
              "cursor": "pointer",
              "height": "15px",
            }
          }
        />
      </a>
    </div>
  </nav>
  <main>
    <p>
      Hello World
    </p>
  </main>
  <footer>
    <div
      className="my-5 container-fluid"
    >
      <div
        className="row"
      >
        <div
          className="col"
        >
          <h5
            className="text-light m-2"
            onClick={[Function]}
            onMouseEnter={[Function]}
            style={
              Object {
                "cursor": "pointer",
              }
            }
          >
            FAQ
          </h5>
          <h5
            className="text-light m-2"
            onClick={[Function]}
            onMouseEnter={[Function]}
            style={
              Object {
                "cursor": "pointer",
              }
            }
          >
            Contact
          </h5>
        </div>
      </div>
      <div
        className="row"
      >
        <div
          className="d-flex justify-content-center col"
        >
          <span
            className="text-light m-2"
            style={
              Object {
                "fontSize": "12px",
              }
            }
          >
            2020
          </span>
        </div>
      </div>
    </div>
  </footer>
</div>
`;
